2026-05-29 10:40:54  [INFO]  === watch_face 单次检查 ===
2026-05-29 10:40:54  [INFO]  \u25b6 周五，距上次 494450.7h，检测到新文件 → 执行导入
2026-05-29 10:40:54  [INFO]  执行: C:\Users\Aerc\AppData\Local\Programs\Python\Python312\python.exe D:\Projects\ai-photo-template-miniapp\scripts\import_face_gen.py --non-interactive --sync-onedrive
2026-05-29 10:40:55  [INFO]    | [camera]  发现 2 张图片
2026-05-29 10:40:55  [INFO]    | ─── 清纯欲女头像1.png ───
2026-05-29 10:40:55  [INFO]    | [skip]  跳过（已在索引中）: e6d0d467baf9...
2026-05-29 10:40:55  [INFO]    | [move]  → 清纯欲女头像1.png
2026-05-29 10:40:55  [INFO]    | ─── 清纯欲女头像2.png ───
2026-05-29 10:40:55  [INFO]    | [skip]  跳过（已在索引中）: 6f20c16cfff1...
2026-05-29 10:40:55  [INFO]    | [move]  → 清纯欲女头像2.png
2026-05-29 10:40:55  [INFO]    | ==================================================
2026-05-29 10:40:55  [INFO]    | [done]  处理完成
2026-05-29 10:40:55  [INFO]    | 上传:   0
2026-05-29 10:40:55  [INFO]    | 跳过:   2
2026-05-29 10:40:55  [INFO]    | 错误:   0
2026-05-29 10:40:55  [INFO]    | ==================================================
2026-05-29 10:42:41  [INFO]  === watch_face 单次检查 ===
2026-05-29 10:42:41  [INFO]  \u25b6 周五，距上次 494450.7h，检测到新文件 → 执行导入
2026-05-29 10:42:41  [INFO]  执行: C:\Users\Aerc\AppData\Local\Programs\Python\Python312\python.exe D:\Projects\ai-photo-template-miniapp\scripts\import_face_gen.py --non-interactive --sync-onedrive
2026-05-29 10:42:42  [INFO]    | [camera]  发现 2 张图片
2026-05-29 10:42:42  [INFO]    | ─── 清纯欲女头像1.png ───
2026-05-29 10:42:42  [INFO]    | [skip]  跳过（已在索引中）: e6d0d467baf9...
2026-05-29 10:42:42  [INFO]    | ─── 清纯欲女头像2.png ───
2026-05-29 10:42:42  [INFO]    | [skip]  跳过（已在索引中）: 6f20c16cfff1...
2026-05-29 10:42:42  [INFO]    | ==================================================
2026-05-29 10:42:42  [INFO]    | [done]  处理完成
2026-05-29 10:42:42  [INFO]    | 上传:   0
2026-05-29 10:42:42  [INFO]    | 跳过:   2
2026-05-29 10:42:42  [INFO]    | 错误:   0
2026-05-29 10:42:42  [INFO]    | ==================================================
2026-05-29 10:42:42  [INFO]  \u2713 导入完成（本次 0 张，累计 1 次 0 张）
2026-05-29 10:42:42  [INFO]  === 单次检查结束 ===

2026-05-29 10:56:28  [INFO]  === watch_face 监控启动（扫描间隔: 60s）===
2026-05-29 10:56:28  [INFO]  工作日(4h) / 周末(8h) | OneDrive同步: True
2026-05-29 10:56:28  [INFO]  face/ 目录: D:\Projects\ai-photo-template-miniapp\face
2026-05-29 10:56:28  [INFO]  - 周五，距下次检测还有 3.8 小时（间隔: 4h），跳过
2026-05-29 10:57:28  [INFO]  - 周五，距下次检测还有 3.8 小时（间隔: 4h），跳过
2026-05-29 10:58:28  [INFO]  - 周五，距下次检测还有 3.7 小时（间隔: 4h），跳过
2026-05-29 10:59:28  [INFO]  - 周五，距下次检测还有 3.7 小时（间隔: 4h），跳过
2026-05-29 11:00:28  [INFO]  - 周五，距下次检测还有 3.7 小时（间隔: 4h），跳过
2026-05-29 11:01:28  [INFO]  - 周五，距下次检测还有 3.7 小时（间隔: 4h），跳过
2026-05-29 11:02:28  [INFO]  - 周五，距下次检测还有 3.7 小时（间隔: 4h），跳过
2026-05-29 11:03:28  [INFO]  - 周五，距下次检测还有 3.7 小时（间隔: 4h），跳过
2026-05-29 11:04:28  [INFO]  - 周五，距下次检测还有 3.6 小时（间隔: 4h），跳过
2026-05-29 11:05:28  [INFO]  - 周五，距下次检测还有 3.6 小时（间隔: 4h），跳过
2026-05-29 11:06:28  [INFO]  - 周五，距下次检测还有 3.6 小时（间隔: 4h），跳过
2026-05-29 11:07:28  [INFO]  - 周五，距下次检测还有 3.6 小时（间隔: 4h），跳过
2026-05-29 11:08:28  [INFO]  - 周五，距下次检测还有 3.6 小时（间隔: 4h），跳过
2026-05-29 11:09:28  [INFO]  - 周五，距下次检测还有 3.6 小时（间隔: 4h），跳过
2026-05-29 11:10:28  [INFO]  - 周五，距下次检测还有 3.5 小时（间隔: 4h），跳过
2026-05-29 11:11:28  [INFO]  - 周五，距下次检测还有 3.5 小时（间隔: 4h），跳过
2026-05-29 11:12:28  [INFO]  - 周五，距下次检测还有 3.5 小时（间隔: 4h），跳过
2026-05-29 11:13:28  [INFO]  - 周五，距下次检测还有 3.5 小时（间隔: 4h），跳过
2026-05-29 11:14:28  [INFO]  - 周五，距下次检测还有 3.5 小时（间隔: 4h），跳过
2026-05-29 11:15:28  [INFO]  - 周五，距下次检测还有 3.5 小时（间隔: 4h），跳过
2026-05-29 11:16:28  [INFO]  - 周五，距下次检测还有 3.4 小时（间隔: 4h），跳过
2026-05-29 11:17:28  [INFO]  - 周五，距下次检测还有 3.4 小时（间隔: 4h），跳过
2026-05-29 11:18:28  [INFO]  - 周五，距下次检测还有 3.4 小时（间隔: 4h），跳过
2026-05-29 11:19:28  [INFO]  - 周五，距下次检测还有 3.4 小时（间隔: 4h），跳过
2026-05-29 11:20:28  [INFO]  - 周五，距下次检测还有 3.4 小时（间隔: 4h），跳过
2026-05-29 11:21:28  [INFO]  - 周五，距下次检测还有 3.4 小时（间隔: 4h），跳过
2026-05-29 11:22:28  [INFO]  - 周五，距下次检测还有 3.3 小时（间隔: 4h），跳过
2026-05-29 11:23:28  [INFO]  - 周五，距下次检测还有 3.3 小时（间隔: 4h），跳过
2026-05-29 11:24:28  [INFO]  - 周五，距下次检测还有 3.3 小时（间隔: 4h），跳过
2026-05-29 11:25:28  [INFO]  - 周五，距下次检测还有 3.3 小时（间隔: 4h），跳过
2026-05-29 11:26:28  [INFO]  - 周五，距下次检测还有 3.3 小时（间隔: 4h），跳过
2026-05-29 11:27:28  [INFO]  - 周五，距下次检测还有 3.3 小时（间隔: 4h），跳过
2026-05-29 11:28:28  [INFO]  - 周五，距下次检测还有 3.2 小时（间隔: 4h），跳过
2026-05-29 11:29:28  [INFO]  - 周五，距下次检测还有 3.2 小时（间隔: 4h），跳过
2026-05-29 11:30:28  [INFO]  - 周五，距下次检测还有 3.2 小时（间隔: 4h），跳过
2026-05-29 11:31:28  [INFO]  - 周五，距下次检测还有 3.2 小时（间隔: 4h），跳过
2026-05-29 11:32:28  [INFO]  - 周五，距下次检测还有 3.2 小时（间隔: 4h），跳过
2026-05-29 11:33:28  [INFO]  - 周五，距下次检测还有 3.2 小时（间隔: 4h），跳过
2026-05-29 11:34:28  [INFO]  - 周五，距下次检测还有 3.1 小时（间隔: 4h），跳过
2026-05-29 11:35:28  [INFO]  - 周五，距下次检测还有 3.1 小时（间隔: 4h），跳过
2026-05-29 11:36:28  [INFO]  - 周五，距下次检测还有 3.1 小时（间隔: 4h），跳过
2026-05-29 11:37:28  [INFO]  - 周五，距下次检测还有 3.1 小时（间隔: 4h），跳过
2026-05-29 11:38:28  [INFO]  - 周五，距下次检测还有 3.1 小时（间隔: 4h），跳过
2026-05-29 11:39:28  [INFO]  - 周五，距下次检测还有 3.1 小时（间隔: 4h），跳过
2026-05-29 11:40:28  [INFO]  - 周五，距下次检测还有 3.0 小时（间隔: 4h），跳过
2026-05-29 11:41:28  [INFO]  - 周五，距下次检测还有 3.0 小时（间隔: 4h），跳过
2026-05-29 11:42:29  [INFO]  - 周五，距下次检测还有 3.0 小时（间隔: 4h），跳过
2026-05-29 11:43:29  [INFO]  - 周五，距下次检测还有 3.0 小时（间隔: 4h），跳过
2026-05-29 11:44:29  [INFO]  - 周五，距下次检测还有 3.0 小时（间隔: 4h），跳过
2026-05-29 11:45:29  [INFO]  - 周五，距下次检测还有 3.0 小时（间隔: 4h），跳过
2026-05-29 11:46:29  [INFO]  - 周五，距下次检测还有 2.9 小时（间隔: 4h），跳过
2026-05-29 11:47:29  [INFO]  - 周五，距下次检测还有 2.9 小时（间隔: 4h），跳过
2026-05-29 11:48:29  [INFO]  - 周五，距下次检测还有 2.9 小时（间隔: 4h），跳过
2026-05-29 11:49:29  [INFO]  - 周五，距下次检测还有 2.9 小时（间隔: 4h），跳过
2026-05-29 11:50:29  [INFO]  - 周五，距下次检测还有 2.9 小时（间隔: 4h），跳过
2026-05-29 11:51:29  [INFO]  - 周五，距下次检测还有 2.9 小时（间隔: 4h），跳过
2026-05-29 11:52:29  [INFO]  - 周五，距下次检测还有 2.8 小时（间隔: 4h），跳过
2026-05-29 11:53:29  [INFO]  - 周五，距下次检测还有 2.8 小时（间隔: 4h），跳过
2026-05-29 11:54:29  [INFO]  - 周五，距下次检测还有 2.8 小时（间隔: 4h），跳过
2026-05-29 11:55:29  [INFO]  [heartbeat] 周五 | 间隔: 4h | 距上次: 1.2h | 累计: 1次 0张
2026-05-29 11:55:29  [INFO]  - 周五，距下次检测还有 2.8 小时（间隔: 4h），跳过
2026-05-29 11:56:29  [INFO]  - 周五，距下次检测还有 2.8 小时（间隔: 4h），跳过
2026-05-29 11:57:29  [INFO]  - 周五，距下次检测还有 2.8 小时（间隔: 4h），跳过
2026-05-29 11:58:29  [INFO]  - 周五，距下次检测还有 2.7 小时（间隔: 4h），跳过
2026-05-29 11:59:29  [INFO]  - 周五，距下次检测还有 2.7 小时（间隔: 4h），跳过
2026-05-29 12:00:29  [INFO]  - 周五，距下次检测还有 2.7 小时（间隔: 4h），跳过
2026-05-29 12:01:29  [INFO]  - 周五，距下次检测还有 2.7 小时（间隔: 4h），跳过
2026-05-29 12:02:29  [INFO]  - 周五，距下次检测还有 2.7 小时（间隔: 4h），跳过
2026-05-29 12:03:29  [INFO]  - 周五，距下次检测还有 2.7 小时（间隔: 4h），跳过
2026-05-29 12:04:29  [INFO]  - 周五，距下次检测还有 2.6 小时（间隔: 4h），跳过
2026-05-29 12:05:29  [INFO]  - 周五，距下次检测还有 2.6 小时（间隔: 4h），跳过
2026-05-29 12:06:29  [INFO]  - 周五，距下次检测还有 2.6 小时（间隔: 4h），跳过
2026-05-29 12:07:29  [INFO]  - 周五，距下次检测还有 2.6 小时（间隔: 4h），跳过
2026-05-29 12:08:29  [INFO]  - 周五，距下次检测还有 2.6 小时（间隔: 4h），跳过
2026-05-29 12:09:29  [INFO]  - 周五，距下次检测还有 2.6 小时（间隔: 4h），跳过
2026-05-29 12:10:29  [INFO]  - 周五，距下次检测还有 2.5 小时（间隔: 4h），跳过
2026-05-29 12:11:29  [INFO]  - 周五，距下次检测还有 2.5 小时（间隔: 4h），跳过
2026-05-29 12:12:29  [INFO]  - 周五，距下次检测还有 2.5 小时（间隔: 4h），跳过
2026-05-29 12:13:29  [INFO]  - 周五，距下次检测还有 2.5 小时（间隔: 4h），跳过
2026-05-29 12:14:29  [INFO]  - 周五，距下次检测还有 2.5 小时（间隔: 4h），跳过
2026-05-29 12:15:29  [INFO]  - 周五，距下次检测还有 2.5 小时（间隔: 4h），跳过
2026-05-29 12:16:29  [INFO]  - 周五，距下次检测还有 2.4 小时（间隔: 4h），跳过
2026-05-29 12:17:29  [INFO]  - 周五，距下次检测还有 2.4 小时（间隔: 4h），跳过
2026-05-29 12:18:29  [INFO]  - 周五，距下次检测还有 2.4 小时（间隔: 4h），跳过
2026-05-29 12:19:29  [INFO]  - 周五，距下次检测还有 2.4 小时（间隔: 4h），跳过
2026-05-29 12:20:29  [INFO]  - 周五，距下次检测还有 2.4 小时（间隔: 4h），跳过
2026-05-29 12:21:29  [INFO]  - 周五，距下次检测还有 2.4 小时（间隔: 4h），跳过
2026-05-29 12:22:29  [INFO]  - 周五，距下次检测还有 2.3 小时（间隔: 4h），跳过
2026-05-29 12:23:29  [INFO]  - 周五，距下次检测还有 2.3 小时（间隔: 4h），跳过
2026-05-29 12:24:29  [INFO]  - 周五，距下次检测还有 2.3 小时（间隔: 4h），跳过
2026-05-29 12:25:29  [INFO]  - 周五，距下次检测还有 2.3 小时（间隔: 4h），跳过
2026-05-29 12:26:29  [INFO]  - 周五，距下次检测还有 2.3 小时（间隔: 4h），跳过
2026-05-29 12:27:29  [INFO]  - 周五，距下次检测还有 2.3 小时（间隔: 4h），跳过
2026-05-29 12:28:29  [INFO]  - 周五，距下次检测还有 2.2 小时（间隔: 4h），跳过
2026-05-29 12:29:29  [INFO]  - 周五，距下次检测还有 2.2 小时（间隔: 4h），跳过
2026-05-29 12:30:29  [INFO]  - 周五，距下次检测还有 2.2 小时（间隔: 4h），跳过
2026-05-29 12:31:29  [INFO]  - 周五，距下次检测还有 2.2 小时（间隔: 4h），跳过
2026-05-29 12:32:29  [INFO]  - 周五，距下次检测还有 2.2 小时（间隔: 4h），跳过
2026-05-29 12:33:29  [INFO]  - 周五，距下次检测还有 2.2 小时（间隔: 4h），跳过
2026-05-29 12:34:29  [INFO]  - 周五，距下次检测还有 2.1 小时（间隔: 4h），跳过
2026-05-29 12:35:29  [INFO]  - 周五，距下次检测还有 2.1 小时（间隔: 4h），跳过
2026-05-29 12:36:29  [INFO]  - 周五，距下次检测还有 2.1 小时（间隔: 4h），跳过
2026-05-29 12:37:29  [INFO]  - 周五，距下次检测还有 2.1 小时（间隔: 4h），跳过
2026-05-29 12:38:29  [INFO]  - 周五，距下次检测还有 2.1 小时（间隔: 4h），跳过
2026-05-29 12:39:29  [INFO]  - 周五，距下次检测还有 2.1 小时（间隔: 4h），跳过
2026-05-29 12:40:29  [INFO]  - 周五，距下次检测还有 2.0 小时（间隔: 4h），跳过
2026-05-29 12:41:29  [INFO]  - 周五，距下次检测还有 2.0 小时（间隔: 4h），跳过
2026-05-29 12:42:29  [INFO]  - 周五，距下次检测还有 2.0 小时（间隔: 4h），跳过
2026-05-29 12:43:29  [INFO]  - 周五，距下次检测还有 2.0 小时（间隔: 4h），跳过
2026-05-29 12:44:29  [INFO]  - 周五，距下次检测还有 2.0 小时（间隔: 4h），跳过
2026-05-29 12:45:29  [INFO]  - 周五，距下次检测还有 2.0 小时（间隔: 4h），跳过
2026-05-29 12:46:29  [INFO]  - 周五，距下次检测还有 1.9 小时（间隔: 4h），跳过
2026-05-29 12:47:29  [INFO]  - 周五，距下次检测还有 1.9 小时（间隔: 4h），跳过
2026-05-29 12:48:29  [INFO]  - 周五，距下次检测还有 1.9 小时（间隔: 4h），跳过
2026-05-29 12:49:29  [INFO]  - 周五，距下次检测还有 1.9 小时（间隔: 4h），跳过
2026-05-29 12:50:29  [INFO]  - 周五，距下次检测还有 1.9 小时（间隔: 4h），跳过
2026-05-29 12:51:29  [INFO]  - 周五，距下次检测还有 1.9 小时（间隔: 4h），跳过
2026-05-29 12:52:29  [INFO]  - 周五，距下次检测还有 1.8 小时（间隔: 4h），跳过
2026-05-29 12:53:29  [INFO]  - 周五，距下次检测还有 1.8 小时（间隔: 4h），跳过
2026-05-29 12:54:29  [INFO]  - 周五，距下次检测还有 1.8 小时（间隔: 4h），跳过
2026-05-29 12:55:29  [INFO]  [heartbeat] 周五 | 间隔: 4h | 距上次: 2.2h | 累计: 1次 0张
2026-05-29 12:55:29  [INFO]  - 周五，距下次检测还有 1.8 小时（间隔: 4h），跳过
2026-05-29 12:56:29  [INFO]  - 周五，距下次检测还有 1.8 小时（间隔: 4h），跳过
2026-05-29 12:57:29  [INFO]  - 周五，距下次检测还有 1.8 小时（间隔: 4h），跳过
2026-05-29 12:58:29  [INFO]  - 周五，距下次检测还有 1.7 小时（间隔: 4h），跳过
2026-05-29 12:59:29  [INFO]  - 周五，距下次检测还有 1.7 小时（间隔: 4h），跳过
2026-05-29 13:00:29  [INFO]  - 周五，距下次检测还有 1.7 小时（间隔: 4h），跳过
2026-05-29 13:01:29  [INFO]  - 周五，距下次检测还有 1.7 小时（间隔: 4h），跳过
2026-05-29 13:02:29  [INFO]  - 周五，距下次检测还有 1.7 小时（间隔: 4h），跳过
2026-05-29 13:03:29  [INFO]  - 周五，距下次检测还有 1.7 小时（间隔: 4h），跳过
2026-05-29 13:04:29  [INFO]  - 周五，距下次检测还有 1.6 小时（间隔: 4h），跳过
2026-05-29 13:05:29  [INFO]  - 周五，距下次检测还有 1.6 小时（间隔: 4h），跳过
2026-05-29 13:06:29  [INFO]  - 周五，距下次检测还有 1.6 小时（间隔: 4h），跳过
2026-05-29 13:07:29  [INFO]  - 周五，距下次检测还有 1.6 小时（间隔: 4h），跳过
2026-05-29 13:08:29  [INFO]  - 周五，距下次检测还有 1.6 小时（间隔: 4h），跳过
2026-05-29 13:09:29  [INFO]  - 周五，距下次检测还有 1.6 小时（间隔: 4h），跳过
2026-05-29 13:10:29  [INFO]  - 周五，距下次检测还有 1.5 小时（间隔: 4h），跳过
2026-05-29 13:11:29  [INFO]  - 周五，距下次检测还有 1.5 小时（间隔: 4h），跳过
2026-05-29 13:12:29  [INFO]  - 周五，距下次检测还有 1.5 小时（间隔: 4h），跳过
2026-05-29 13:13:29  [INFO]  - 周五，距下次检测还有 1.5 小时（间隔: 4h），跳过
2026-05-29 13:14:29  [INFO]  - 周五，距下次检测还有 1.5 小时（间隔: 4h），跳过
2026-05-29 13:15:29  [INFO]  - 周五，距下次检测还有 1.5 小时（间隔: 4h），跳过
2026-05-29 13:16:29  [INFO]  - 周五，距下次检测还有 1.4 小时（间隔: 4h），跳过
2026-05-29 13:17:29  [INFO]  - 周五，距下次检测还有 1.4 小时（间隔: 4h），跳过
2026-05-29 13:18:29  [INFO]  - 周五，距下次检测还有 1.4 小时（间隔: 4h），跳过
2026-05-29 13:19:29  [INFO]  - 周五，距下次检测还有 1.4 小时（间隔: 4h），跳过
2026-05-29 13:20:29  [INFO]  - 周五，距下次检测还有 1.4 小时（间隔: 4h），跳过
2026-05-29 13:21:29  [INFO]  - 周五，距下次检测还有 1.4 小时（间隔: 4h），跳过
2026-05-29 13:22:29  [INFO]  - 周五，距下次检测还有 1.3 小时（间隔: 4h），跳过
2026-05-29 13:23:29  [INFO]  - 周五，距下次检测还有 1.3 小时（间隔: 4h），跳过
2026-05-29 13:24:29  [INFO]  - 周五，距下次检测还有 1.3 小时（间隔: 4h），跳过
2026-05-29 13:25:29  [INFO]  - 周五，距下次检测还有 1.3 小时（间隔: 4h），跳过
2026-05-29 13:26:29  [INFO]  - 周五，距下次检测还有 1.3 小时（间隔: 4h），跳过
2026-05-29 13:27:29  [INFO]  - 周五，距下次检测还有 1.3 小时（间隔: 4h），跳过
2026-05-29 13:28:29  [INFO]  - 周五，距下次检测还有 1.2 小时（间隔: 4h），跳过
2026-05-29 13:29:29  [INFO]  - 周五，距下次检测还有 1.2 小时（间隔: 4h），跳过
2026-05-29 13:30:29  [INFO]  - 周五，距下次检测还有 1.2 小时（间隔: 4h），跳过
2026-05-29 13:31:29  [INFO]  - 周五，距下次检测还有 1.2 小时（间隔: 4h），跳过
2026-05-29 13:32:29  [INFO]  - 周五，距下次检测还有 1.2 小时（间隔: 4h），跳过
2026-05-29 13:33:29  [INFO]  - 周五，距下次检测还有 1.2 小时（间隔: 4h），跳过
2026-05-29 13:34:29  [INFO]  - 周五，距下次检测还有 1.1 小时（间隔: 4h），跳过
2026-05-29 13:35:29  [INFO]  - 周五，距下次检测还有 1.1 小时（间隔: 4h），跳过
2026-05-29 13:36:29  [INFO]  - 周五，距下次检测还有 1.1 小时（间隔: 4h），跳过
2026-05-29 13:37:29  [INFO]  - 周五，距下次检测还有 1.1 小时（间隔: 4h），跳过
2026-05-29 13:38:29  [INFO]  - 周五，距下次检测还有 1.1 小时（间隔: 4h），跳过
2026-05-29 13:39:29  [INFO]  - 周五，距下次检测还有 1.1 小时（间隔: 4h），跳过
2026-05-29 13:40:29  [INFO]  - 周五，距下次检测还有 1.0 小时（间隔: 4h），跳过
2026-05-29 13:41:29  [INFO]  - 周五，距下次检测还有 1.0 小时（间隔: 4h），跳过
2026-05-29 13:42:29  [INFO]  - 周五，距下次检测还有 1.0 小时（间隔: 4h），跳过
2026-05-29 13:43:29  [INFO]  - 周五，距下次检测还有 1.0 小时（间隔: 4h），跳过
2026-05-29 13:44:29  [INFO]  - 周五，距下次检测还有 1.0 小时（间隔: 4h），跳过
2026-05-29 13:45:29  [INFO]  - 周五，距下次检测还有 1.0 小时（间隔: 4h），跳过
2026-05-29 13:46:29  [INFO]  - 周五，距下次检测还有 0.9 小时（间隔: 4h），跳过
2026-05-29 13:47:29  [INFO]  - 周五，距下次检测还有 0.9 小时（间隔: 4h），跳过
2026-05-29 13:48:29  [INFO]  - 周五，距下次检测还有 0.9 小时（间隔: 4h），跳过
2026-05-29 13:49:29  [INFO]  - 周五，距下次检测还有 0.9 小时（间隔: 4h），跳过
2026-05-29 13:50:29  [INFO]  - 周五，距下次检测还有 0.9 小时（间隔: 4h），跳过
2026-05-29 13:51:29  [INFO]  - 周五，距下次检测还有 0.9 小时（间隔: 4h），跳过
2026-05-29 13:52:29  [INFO]  - 周五，距下次检测还有 0.8 小时（间隔: 4h），跳过
2026-05-29 13:53:29  [INFO]  - 周五，距下次检测还有 0.8 小时（间隔: 4h），跳过
2026-05-29 13:54:29  [INFO]  - 周五，距下次检测还有 0.8 小时（间隔: 4h），跳过
2026-05-29 13:55:29  [INFO]  [heartbeat] 周五 | 间隔: 4h | 距上次: 3.2h | 累计: 1次 0张
2026-05-29 13:55:29  [INFO]  - 周五，距下次检测还有 0.8 小时（间隔: 4h），跳过
2026-05-29 13:56:29  [INFO]  - 周五，距下次检测还有 0.8 小时（间隔: 4h），跳过
2026-05-29 13:57:29  [INFO]  - 周五，距下次检测还有 0.8 小时（间隔: 4h），跳过
2026-05-29 13:58:29  [INFO]  - 周五，距下次检测还有 0.7 小时（间隔: 4h），跳过
2026-05-29 13:59:29  [INFO]  - 周五，距下次检测还有 0.7 小时（间隔: 4h），跳过
2026-05-29 14:00:29  [INFO]  - 周五，距下次检测还有 0.7 小时（间隔: 4h），跳过
2026-05-29 14:01:29  [INFO]  - 周五，距下次检测还有 0.7 小时（间隔: 4h），跳过
2026-05-29 14:02:29  [INFO]  - 周五，距下次检测还有 0.7 小时（间隔: 4h），跳过
2026-05-29 14:03:29  [INFO]  - 周五，距下次检测还有 0.7 小时（间隔: 4h），跳过
2026-05-29 14:04:29  [INFO]  - 周五，距下次检测还有 0.6 小时（间隔: 4h），跳过
2026-05-29 14:05:29  [INFO]  - 周五，距下次检测还有 0.6 小时（间隔: 4h），跳过
2026-05-29 14:06:29  [INFO]  - 周五，距下次检测还有 0.6 小时（间隔: 4h），跳过
2026-05-29 14:07:29  [INFO]  - 周五，距下次检测还有 0.6 小时（间隔: 4h），跳过
2026-05-29 14:08:29  [INFO]  - 周五，距下次检测还有 0.6 小时（间隔: 4h），跳过
2026-05-29 14:09:29  [INFO]  - 周五，距下次检测还有 0.6 小时（间隔: 4h），跳过
2026-05-29 14:10:29  [INFO]  - 周五，距下次检测还有 0.5 小时（间隔: 4h），跳过
2026-05-29 14:11:29  [INFO]  - 周五，距下次检测还有 0.5 小时（间隔: 4h），跳过
2026-05-29 14:12:29  [INFO]  - 周五，距下次检测还有 0.5 小时（间隔: 4h），跳过
2026-05-29 14:13:29  [INFO]  - 周五，距下次检测还有 0.5 小时（间隔: 4h），跳过
2026-05-29 14:14:29  [INFO]  - 周五，距下次检测还有 0.5 小时（间隔: 4h），跳过
2026-05-29 14:15:29  [INFO]  - 周五，距下次检测还有 0.5 小时（间隔: 4h），跳过
2026-05-29 14:16:29  [INFO]  - 周五，距下次检测还有 0.4 小时（间隔: 4h），跳过
2026-05-29 14:17:29  [INFO]  - 周五，距下次检测还有 0.4 小时（间隔: 4h），跳过
2026-05-29 14:18:29  [INFO]  - 周五，距下次检测还有 0.4 小时（间隔: 4h），跳过
2026-05-29 14:19:29  [INFO]  - 周五，距下次检测还有 0.4 小时（间隔: 4h），跳过
2026-05-29 14:20:29  [INFO]  - 周五，距下次检测还有 0.4 小时（间隔: 4h），跳过
2026-05-29 14:21:29  [INFO]  - 周五，距下次检测还有 0.4 小时（间隔: 4h），跳过
2026-05-29 14:22:29  [INFO]  - 周五，距下次检测还有 0.3 小时（间隔: 4h），跳过
2026-05-29 14:23:29  [INFO]  - 周五，距下次检测还有 0.3 小时（间隔: 4h），跳过
2026-05-29 14:24:29  [INFO]  - 周五，距下次检测还有 0.3 小时（间隔: 4h），跳过
2026-05-29 14:25:29  [INFO]  - 周五，距下次检测还有 0.3 小时（间隔: 4h），跳过
2026-05-29 14:26:29  [INFO]  - 周五，距下次检测还有 0.3 小时（间隔: 4h），跳过
2026-05-29 14:27:29  [INFO]  - 周五，距下次检测还有 0.3 小时（间隔: 4h），跳过
2026-05-29 14:28:29  [INFO]  - 周五，距下次检测还有 0.2 小时（间隔: 4h），跳过
2026-05-29 14:29:29  [INFO]  - 周五，距下次检测还有 0.2 小时（间隔: 4h），跳过
2026-05-29 14:30:29  [INFO]  - 周五，距下次检测还有 0.2 小时（间隔: 4h），跳过
2026-05-29 14:31:29  [INFO]  - 周五，距下次检测还有 0.2 小时（间隔: 4h），跳过
2026-05-29 14:32:29  [INFO]  - 周五，距下次检测还有 0.2 小时（间隔: 4h），跳过
2026-05-29 14:33:29  [INFO]  - 周五，距下次检测还有 0.2 小时（间隔: 4h），跳过
2026-05-29 14:34:29  [INFO]  - 周五，距下次检测还有 0.1 小时（间隔: 4h），跳过
2026-05-29 14:35:29  [INFO]  - 周五，距下次检测还有 0.1 小时（间隔: 4h），跳过
2026-05-29 14:38:35  [INFO]  === watch_face 监控启动（扫描间隔: 60s）===
2026-05-29 14:38:35  [INFO]  工作日(4h) / 周末(8h) | OneDrive同步: True
2026-05-29 14:38:35  [INFO]  face/ 目录: D:\Projects\ai-photo-template-miniapp\face
2026-05-29 14:38:35  [INFO]  - 周五，距下次检测还有 0.1 小时（间隔: 4h），跳过
2026-05-29 14:39:35  [INFO]  - 周五，距下次检测还有 0.1 小时（间隔: 4h），跳过
2026-05-29 14:40:35  [INFO]  - 周五，距下次检测还有 0.0 小时（间隔: 4h），跳过
2026-05-29 14:41:35  [INFO]  - 周五，距下次检测还有 0.0 小时（间隔: 4h），跳过
2026-05-29 14:42:35  [INFO]  - 周五，距下次检测还有 0.0 小时（间隔: 4h），跳过
2026-05-29 14:43:35  [INFO]  \u25b6 周五，距上次 4.0h，检测到新文件 → 执行导入
2026-05-29 14:43:35  [INFO]  执行: C:\Users\Aerc\AppData\Local\Programs\Python\Python312\python.exe D:\Projects\ai-photo-template-miniapp\scripts\import_face_gen.py --non-interactive --sync-onedrive
2026-05-29 14:43:36  [INFO]    | [camera]  发现 2 张图片
2026-05-29 14:43:36  [INFO]    | ─── 清纯欲女头像1.png ───
2026-05-29 14:43:36  [INFO]    | [skip]  跳过（已在索引中）: e6d0d467baf9...
2026-05-29 14:43:36  [INFO]    | ─── 清纯欲女头像2.png ───
2026-05-29 14:43:36  [INFO]    | [skip]  跳过（已在索引中）: 6f20c16cfff1...
2026-05-29 14:43:36  [INFO]    | ==================================================
2026-05-29 14:43:36  [INFO]    | [done]  处理完成
2026-05-29 14:43:36  [INFO]    | 上传:   0
2026-05-29 14:43:36  [INFO]    | 跳过:   2
2026-05-29 14:43:36  [INFO]    | 错误:   0
2026-05-29 14:43:36  [INFO]    | ==================================================
2026-05-29 14:43:36  [INFO]  \u2713 导入完成（本次 0 张，累计 2 次 0 张）
2026-05-29 14:44:36  [INFO]  - 周五，距下次检测还有 4.0 小时（间隔: 4h），跳过
2026-05-29 14:45:36  [INFO]  - 周五，距下次检测还有 4.0 小时（间隔: 4h），跳过
2026-05-29 14:46:36  [INFO]  - 周五，距下次检测还有 3.9 小时（间隔: 4h），跳过
2026-05-29 14:47:36  [INFO]  - 周五，距下次检测还有 3.9 小时（间隔: 4h），跳过
2026-05-29 14:48:36  [INFO]  - 周五，距下次检测还有 3.9 小时（间隔: 4h），跳过
2026-05-29 14:49:36  [INFO]  - 周五，距下次检测还有 3.9 小时（间隔: 4h），跳过
2026-05-29 14:50:36  [INFO]  - 周五，距下次检测还有 3.9 小时（间隔: 4h），跳过
2026-05-29 14:51:36  [INFO]  - 周五，距下次检测还有 3.9 小时（间隔: 4h），跳过
2026-05-29 14:52:36  [INFO]  - 周五，距下次检测还有 3.8 小时（间隔: 4h），跳过
2026-05-29 14:53:36  [INFO]  - 周五，距下次检测还有 3.8 小时（间隔: 4h），跳过
2026-05-29 14:54:36  [INFO]  - 周五，距下次检测还有 3.8 小时（间隔: 4h），跳过
2026-05-29 14:55:36  [INFO]  - 周五，距下次检测还有 3.8 小时（间隔: 4h），跳过
2026-05-29 14:56:36  [INFO]  - 周五，距下次检测还有 3.8 小时（间隔: 4h），跳过
2026-05-29 14:57:36  [INFO]  - 周五，距下次检测还有 3.8 小时（间隔: 4h），跳过
2026-05-29 14:58:36  [INFO]  - 周五，距下次检测还有 3.7 小时（间隔: 4h），跳过
2026-05-29 14:59:36  [INFO]  - 周五，距下次检测还有 3.7 小时（间隔: 4h），跳过
2026-05-29 15:00:36  [INFO]  - 周五，距下次检测还有 3.7 小时（间隔: 4h），跳过
2026-05-29 15:01:36  [INFO]  - 周五，距下次检测还有 3.7 小时（间隔: 4h），跳过
2026-05-29 15:02:36  [INFO]  - 周五，距下次检测还有 3.7 小时（间隔: 4h），跳过
2026-05-29 15:03:36  [INFO]  - 周五，距下次检测还有 3.7 小时（间隔: 4h），跳过
2026-05-29 15:04:37  [INFO]  - 周五，距下次检测还有 3.6 小时（间隔: 4h），跳过
2026-05-29 15:05:37  [INFO]  - 周五，距下次检测还有 3.6 小时（间隔: 4h），跳过
2026-05-29 15:06:37  [INFO]  - 周五，距下次检测还有 3.6 小时（间隔: 4h），跳过
2026-05-29 15:07:37  [INFO]  - 周五，距下次检测还有 3.6 小时（间隔: 4h），跳过
2026-05-29 15:08:37  [INFO]  - 周五，距下次检测还有 3.6 小时（间隔: 4h），跳过
2026-05-29 15:09:37  [INFO]  - 周五，距下次检测还有 3.6 小时（间隔: 4h），跳过
2026-05-29 15:10:37  [INFO]  - 周五，距下次检测还有 3.5 小时（间隔: 4h），跳过
2026-05-29 15:11:37  [INFO]  - 周五，距下次检测还有 3.5 小时（间隔: 4h），跳过
2026-05-29 15:12:37  [INFO]  - 周五，距下次检测还有 3.5 小时（间隔: 4h），跳过
2026-05-29 15:13:37  [INFO]  - 周五，距下次检测还有 3.5 小时（间隔: 4h），跳过
2026-05-29 15:14:37  [INFO]  - 周五，距下次检测还有 3.5 小时（间隔: 4h），跳过
2026-05-29 15:15:37  [INFO]  - 周五，距下次检测还有 3.5 小时（间隔: 4h），跳过
2026-05-29 15:16:37  [INFO]  - 周五，距下次检测还有 3.4 小时（间隔: 4h），跳过
2026-05-29 15:17:37  [INFO]  - 周五，距下次检测还有 3.4 小时（间隔: 4h），跳过
2026-05-29 15:18:37  [INFO]  - 周五，距下次检测还有 3.4 小时（间隔: 4h），跳过
2026-05-29 15:19:37  [INFO]  - 周五，距下次检测还有 3.4 小时（间隔: 4h），跳过
2026-05-29 15:20:37  [INFO]  - 周五，距下次检测还有 3.4 小时（间隔: 4h），跳过
2026-05-29 15:21:37  [INFO]  - 周五，距下次检测还有 3.4 小时（间隔: 4h），跳过
2026-05-29 15:22:37  [INFO]  - 周五，距下次检测还有 3.3 小时（间隔: 4h），跳过
2026-05-29 15:23:37  [INFO]  - 周五，距下次检测还有 3.3 小时（间隔: 4h），跳过
2026-05-29 15:24:37  [INFO]  - 周五，距下次检测还有 3.3 小时（间隔: 4h），跳过
2026-05-29 15:25:37  [INFO]  - 周五，距下次检测还有 3.3 小时（间隔: 4h），跳过
2026-05-29 15:26:37  [INFO]  - 周五，距下次检测还有 3.3 小时（间隔: 4h），跳过
2026-05-29 15:27:37  [INFO]  - 周五，距下次检测还有 3.3 小时（间隔: 4h），跳过
2026-05-29 15:28:37  [INFO]  - 周五，距下次检测还有 3.2 小时（间隔: 4h），跳过
2026-05-29 15:29:37  [INFO]  - 周五，距下次检测还有 3.2 小时（间隔: 4h），跳过
2026-05-29 15:30:37  [INFO]  - 周五，距下次检测还有 3.2 小时（间隔: 4h），跳过
2026-05-29 15:31:37  [INFO]  - 周五，距下次检测还有 3.2 小时（间隔: 4h），跳过
2026-05-29 15:32:37  [INFO]  - 周五，距下次检测还有 3.2 小时（间隔: 4h），跳过
2026-05-29 15:33:37  [INFO]  - 周五，距下次检测还有 3.2 小时（间隔: 4h），跳过
2026-05-29 15:34:37  [INFO]  - 周五，距下次检测还有 3.1 小时（间隔: 4h），跳过
2026-05-29 15:35:37  [INFO]  - 周五，距下次检测还有 3.1 小时（间隔: 4h），跳过
2026-05-29 15:36:37  [INFO]  - 周五，距下次检测还有 3.1 小时（间隔: 4h），跳过
2026-05-29 15:37:37  [INFO]  [heartbeat] 周五 | 间隔: 4h | 距上次: 0.9h | 累计: 2次 0张
2026-05-29 15:37:37  [INFO]  - 周五，距下次检测还有 3.1 小时（间隔: 4h），跳过
2026-05-29 15:38:37  [INFO]  - 周五，距下次检测还有 3.1 小时（间隔: 4h），跳过
2026-05-29 15:39:37  [INFO]  - 周五，距下次检测还有 3.1 小时（间隔: 4h），跳过
2026-05-29 15:40:37  [INFO]  - 周五，距下次检测还有 3.0 小时（间隔: 4h），跳过
2026-05-29 15:41:37  [INFO]  - 周五，距下次检测还有 3.0 小时（间隔: 4h），跳过
2026-05-29 15:42:37  [INFO]  - 周五，距下次检测还有 3.0 小时（间隔: 4h），跳过
2026-05-29 15:43:37  [INFO]  - 周五，距下次检测还有 3.0 小时（间隔: 4h），跳过
2026-05-29 15:44:37  [INFO]  - 周五，距下次检测还有 3.0 小时（间隔: 4h），跳过
2026-05-29 15:45:37  [INFO]  - 周五，距下次检测还有 3.0 小时（间隔: 4h），跳过
2026-05-29 15:46:37  [INFO]  - 周五，距下次检测还有 2.9 小时（间隔: 4h），跳过
2026-05-29 15:47:37  [INFO]  - 周五，距下次检测还有 2.9 小时（间隔: 4h），跳过
2026-05-29 15:48:37  [INFO]  - 周五，距下次检测还有 2.9 小时（间隔: 4h），跳过
2026-05-29 15:49:37  [INFO]  - 周五，距下次检测还有 2.9 小时（间隔: 4h），跳过
2026-05-29 15:50:37  [INFO]  - 周五，距下次检测还有 2.9 小时（间隔: 4h），跳过
2026-05-29 15:51:37  [INFO]  - 周五，距下次检测还有 2.9 小时（间隔: 4h），跳过
2026-05-29 15:52:37  [INFO]  - 周五，距下次检测还有 2.8 小时（间隔: 4h），跳过
2026-05-29 15:53:37  [INFO]  - 周五，距下次检测还有 2.8 小时（间隔: 4h），跳过
2026-05-29 15:54:37  [INFO]  - 周五，距下次检测还有 2.8 小时（间隔: 4h），跳过
2026-05-29 15:55:37  [INFO]  - 周五，距下次检测还有 2.8 小时（间隔: 4h），跳过
2026-05-29 15:56:37  [INFO]  - 周五，距下次检测还有 2.8 小时（间隔: 4h），跳过
2026-05-29 15:57:37  [INFO]  - 周五，距下次检测还有 2.8 小时（间隔: 4h），跳过
2026-05-29 15:58:37  [INFO]  - 周五，距下次检测还有 2.7 小时（间隔: 4h），跳过
2026-05-29 15:59:37  [INFO]  - 周五，距下次检测还有 2.7 小时（间隔: 4h），跳过
2026-05-29 16:00:37  [INFO]  - 周五，距下次检测还有 2.7 小时（间隔: 4h），跳过
2026-05-29 16:01:37  [INFO]  - 周五，距下次检测还有 2.7 小时（间隔: 4h），跳过
2026-05-29 16:02:37  [INFO]  - 周五，距下次检测还有 2.7 小时（间隔: 4h），跳过
2026-05-29 16:03:37  [INFO]  - 周五，距下次检测还有 2.7 小时（间隔: 4h），跳过
2026-05-29 16:04:37  [INFO]  - 周五，距下次检测还有 2.6 小时（间隔: 4h），跳过
2026-05-29 16:05:37  [INFO]  - 周五，距下次检测还有 2.6 小时（间隔: 4h），跳过
2026-05-29 16:06:37  [INFO]  - 周五，距下次检测还有 2.6 小时（间隔: 4h），跳过
2026-05-29 16:07:37  [INFO]  - 周五，距下次检测还有 2.6 小时（间隔: 4h），跳过
2026-05-29 16:08:37  [INFO]  - 周五，距下次检测还有 2.6 小时（间隔: 4h），跳过
2026-05-29 16:09:37  [INFO]  - 周五，距下次检测还有 2.6 小时（间隔: 4h），跳过
2026-05-29 16:10:37  [INFO]  - 周五，距下次检测还有 2.5 小时（间隔: 4h），跳过
2026-05-29 16:11:37  [INFO]  - 周五，距下次检测还有 2.5 小时（间隔: 4h），跳过
2026-05-29 16:12:37  [INFO]  - 周五，距下次检测还有 2.5 小时（间隔: 4h），跳过
2026-05-29 16:13:37  [INFO]  - 周五，距下次检测还有 2.5 小时（间隔: 4h），跳过
2026-05-29 16:14:37  [INFO]  - 周五，距下次检测还有 2.5 小时（间隔: 4h），跳过
2026-05-29 16:15:37  [INFO]  - 周五，距下次检测还有 2.5 小时（间隔: 4h），跳过
2026-05-29 16:16:37  [INFO]  - 周五，距下次检测还有 2.4 小时（间隔: 4h），跳过
2026-05-29 16:17:37  [INFO]  - 周五，距下次检测还有 2.4 小时（间隔: 4h），跳过
2026-05-29 16:18:37  [INFO]  - 周五，距下次检测还有 2.4 小时（间隔: 4h），跳过
2026-05-29 16:19:37  [INFO]  - 周五，距下次检测还有 2.4 小时（间隔: 4h），跳过
2026-05-29 16:20:37  [INFO]  - 周五，距下次检测还有 2.4 小时（间隔: 4h），跳过
2026-05-29 16:21:37  [INFO]  - 周五，距下次检测还有 2.4 小时（间隔: 4h），跳过
2026-05-29 16:22:37  [INFO]  - 周五，距下次检测还有 2.3 小时（间隔: 4h），跳过
2026-05-29 16:23:37  [INFO]  - 周五，距下次检测还有 2.3 小时（间隔: 4h），跳过
2026-05-29 16:24:37  [INFO]  - 周五，距下次检测还有 2.3 小时（间隔: 4h），跳过
2026-05-29 16:25:37  [INFO]  - 周五，距下次检测还有 2.3 小时（间隔: 4h），跳过
2026-05-29 16:26:37  [INFO]  - 周五，距下次检测还有 2.3 小时（间隔: 4h），跳过
2026-05-29 16:27:37  [INFO]  - 周五，距下次检测还有 2.3 小时（间隔: 4h），跳过
2026-05-29 16:28:37  [INFO]  - 周五，距下次检测还有 2.2 小时（间隔: 4h），跳过
2026-05-29 16:29:37  [INFO]  - 周五，距下次检测还有 2.2 小时（间隔: 4h），跳过
2026-05-29 16:30:37  [INFO]  - 周五，距下次检测还有 2.2 小时（间隔: 4h），跳过
2026-05-29 16:31:37  [INFO]  - 周五，距下次检测还有 2.2 小时（间隔: 4h），跳过
2026-05-29 16:32:37  [INFO]  - 周五，距下次检测还有 2.2 小时（间隔: 4h），跳过
2026-05-29 16:33:37  [INFO]  - 周五，距下次检测还有 2.2 小时（间隔: 4h），跳过
2026-05-29 16:34:37  [INFO]  - 周五，距下次检测还有 2.1 小时（间隔: 4h），跳过
2026-05-29 16:35:37  [INFO]  - 周五，距下次检测还有 2.1 小时（间隔: 4h），跳过
2026-05-29 16:36:37  [INFO]  - 周五，距下次检测还有 2.1 小时（间隔: 4h），跳过
2026-05-29 16:37:37  [INFO]  [heartbeat] 周五 | 间隔: 4h | 距上次: 1.9h | 累计: 2次 0张
2026-05-29 16:37:37  [INFO]  - 周五，距下次检测还有 2.1 小时（间隔: 4h），跳过
2026-05-29 16:38:37  [INFO]  - 周五，距下次检测还有 2.1 小时（间隔: 4h），跳过
2026-05-29 16:39:37  [INFO]  - 周五，距下次检测还有 2.1 小时（间隔: 4h），跳过
2026-05-29 16:40:37  [INFO]  - 周五，距下次检测还有 2.0 小时（间隔: 4h），跳过
2026-05-29 16:41:37  [INFO]  - 周五，距下次检测还有 2.0 小时（间隔: 4h），跳过
2026-05-29 16:42:37  [INFO]  - 周五，距下次检测还有 2.0 小时（间隔: 4h），跳过
2026-05-29 16:43:37  [INFO]  - 周五，距下次检测还有 2.0 小时（间隔: 4h），跳过
2026-05-29 16:44:37  [INFO]  - 周五，距下次检测还有 2.0 小时（间隔: 4h），跳过
2026-05-29 16:45:37  [INFO]  - 周五，距下次检测还有 2.0 小时（间隔: 4h），跳过
2026-05-29 16:46:37  [INFO]  - 周五，距下次检测还有 1.9 小时（间隔: 4h），跳过
2026-05-29 16:47:37  [INFO]  - 周五，距下次检测还有 1.9 小时（间隔: 4h），跳过
2026-05-29 16:48:37  [INFO]  - 周五，距下次检测还有 1.9 小时（间隔: 4h），跳过
2026-05-29 16:49:37  [INFO]  - 周五，距下次检测还有 1.9 小时（间隔: 4h），跳过
2026-05-29 16:50:37  [INFO]  - 周五，距下次检测还有 1.9 小时（间隔: 4h），跳过
2026-05-29 16:51:37  [INFO]  - 周五，距下次检测还有 1.9 小时（间隔: 4h），跳过
2026-05-29 16:52:37  [INFO]  - 周五，距下次检测还有 1.8 小时（间隔: 4h），跳过
2026-05-29 16:53:37  [INFO]  - 周五，距下次检测还有 1.8 小时（间隔: 4h），跳过
2026-05-29 16:54:38  [INFO]  - 周五，距下次检测还有 1.8 小时（间隔: 4h），跳过
2026-05-29 16:55:38  [INFO]  - 周五，距下次检测还有 1.8 小时（间隔: 4h），跳过
2026-05-29 16:56:38  [INFO]  - 周五，距下次检测还有 1.8 小时（间隔: 4h），跳过
2026-05-29 16:57:38  [INFO]  - 周五，距下次检测还有 1.8 小时（间隔: 4h），跳过
2026-05-29 16:58:38  [INFO]  - 周五，距下次检测还有 1.7 小时（间隔: 4h），跳过
2026-05-29 16:59:38  [INFO]  - 周五，距下次检测还有 1.7 小时（间隔: 4h），跳过
2026-05-29 17:00:38  [INFO]  - 周五，距下次检测还有 1.7 小时（间隔: 4h），跳过
2026-05-29 17:01:38  [INFO]  - 周五，距下次检测还有 1.7 小时（间隔: 4h），跳过
2026-05-29 17:02:38  [INFO]  - 周五，距下次检测还有 1.7 小时（间隔: 4h），跳过
2026-05-29 17:03:38  [INFO]  - 周五，距下次检测还有 1.7 小时（间隔: 4h），跳过
2026-05-29 17:04:38  [INFO]  - 周五，距下次检测还有 1.6 小时（间隔: 4h），跳过
2026-05-29 17:05:38  [INFO]  - 周五，距下次检测还有 1.6 小时（间隔: 4h），跳过
2026-05-29 17:06:38  [INFO]  - 周五，距下次检测还有 1.6 小时（间隔: 4h），跳过
2026-05-29 17:07:38  [INFO]  - 周五，距下次检测还有 1.6 小时（间隔: 4h），跳过
2026-05-29 17:08:38  [INFO]  - 周五，距下次检测还有 1.6 小时（间隔: 4h），跳过
2026-05-29 17:09:38  [INFO]  - 周五，距下次检测还有 1.6 小时（间隔: 4h），跳过
2026-05-29 17:10:38  [INFO]  - 周五，距下次检测还有 1.5 小时（间隔: 4h），跳过
2026-05-29 17:11:39  [INFO]  - 周五，距下次检测还有 1.5 小时（间隔: 4h），跳过
2026-05-29 17:12:39  [INFO]  - 周五，距下次检测还有 1.5 小时（间隔: 4h），跳过
2026-05-29 17:13:39  [INFO]  - 周五，距下次检测还有 1.5 小时（间隔: 4h），跳过
2026-05-29 17:14:39  [INFO]  - 周五，距下次检测还有 1.5 小时（间隔: 4h），跳过
2026-05-29 17:15:39  [INFO]  - 周五，距下次检测还有 1.5 小时（间隔: 4h），跳过
2026-05-29 17:16:39  [INFO]  - 周五，距下次检测还有 1.4 小时（间隔: 4h），跳过
2026-05-29 17:17:39  [INFO]  - 周五，距下次检测还有 1.4 小时（间隔: 4h），跳过
2026-05-29 17:18:40  [INFO]  - 周五，距下次检测还有 1.4 小时（间隔: 4h），跳过
2026-05-29 17:19:40  [INFO]  - 周五，距下次检测还有 1.4 小时（间隔: 4h），跳过
2026-05-29 17:20:40  [INFO]  - 周五，距下次检测还有 1.4 小时（间隔: 4h），跳过
2026-05-29 17:21:40  [INFO]  - 周五，距下次检测还有 1.4 小时（间隔: 4h），跳过
2026-05-29 17:22:40  [INFO]  - 周五，距下次检测还有 1.3 小时（间隔: 4h），跳过
2026-05-29 17:23:40  [INFO]  - 周五，距下次检测还有 1.3 小时（间隔: 4h），跳过
2026-05-29 17:24:40  [INFO]  - 周五，距下次检测还有 1.3 小时（间隔: 4h），跳过
2026-05-29 17:25:40  [INFO]  - 周五，距下次检测还有 1.3 小时（间隔: 4h），跳过
2026-05-29 17:26:40  [INFO]  - 周五，距下次检测还有 1.3 小时（间隔: 4h），跳过
2026-05-29 17:27:41  [INFO]  - 周五，距下次检测还有 1.3 小时（间隔: 4h），跳过
2026-05-29 17:28:41  [INFO]  - 周五，距下次检测还有 1.2 小时（间隔: 4h），跳过
2026-05-29 17:29:41  [INFO]  - 周五，距下次检测还有 1.2 小时（间隔: 4h），跳过
2026-05-29 17:30:41  [INFO]  - 周五，距下次检测还有 1.2 小时（间隔: 4h），跳过
2026-05-29 17:31:41  [INFO]  - 周五，距下次检测还有 1.2 小时（间隔: 4h），跳过
2026-05-29 17:32:41  [INFO]  - 周五，距下次检测还有 1.2 小时（间隔: 4h），跳过
2026-05-29 17:33:41  [INFO]  - 周五，距下次检测还有 1.2 小时（间隔: 4h），跳过
2026-05-29 17:34:41  [INFO]  - 周五，距下次检测还有 1.1 小时（间隔: 4h），跳过
2026-05-29 17:35:41  [INFO]  - 周五，距下次检测还有 1.1 小时（间隔: 4h），跳过
2026-05-29 17:36:41  [INFO]  - 周五，距下次检测还有 1.1 小时（间隔: 4h），跳过
2026-05-29 17:37:41  [INFO]  [heartbeat] 周五 | 间隔: 4h | 距上次: 2.9h | 累计: 2次 0张
2026-05-29 17:37:41  [INFO]  - 周五，距下次检测还有 1.1 小时（间隔: 4h），跳过
2026-05-29 17:38:41  [INFO]  - 周五，距下次检测还有 1.1 小时（间隔: 4h），跳过
2026-05-29 17:39:41  [INFO]  - 周五，距下次检测还有 1.1 小时（间隔: 4h），跳过
2026-05-29 17:40:41  [INFO]  - 周五，距下次检测还有 1.0 小时（间隔: 4h），跳过
2026-05-29 17:41:41  [INFO]  - 周五，距下次检测还有 1.0 小时（间隔: 4h），跳过
2026-05-29 17:42:41  [INFO]  - 周五，距下次检测还有 1.0 小时（间隔: 4h），跳过
2026-05-29 17:43:41  [INFO]  - 周五，距下次检测还有 1.0 小时（间隔: 4h），跳过
2026-05-30 08:29:35  [INFO]  === watch_face 监控启动（扫描间隔: 60s）===
2026-05-30 08:29:35  [INFO]  工作日(4h) / 周末(8h) | OneDrive同步: True
2026-05-30 08:29:35  [INFO]  face/ 目录: D:\Projects\ai-photo-template-miniapp\face
2026-05-30 08:29:35  [INFO]  \u25b6 周六，距上次 17.8h，检测到新文件 → 执行导入
2026-05-30 08:29:35  [INFO]  执行: C:\Users\Aerc\AppData\Local\Programs\Python\Python312\python.exe D:\Projects\ai-photo-template-miniapp\scripts\import_face_gen.py --non-interactive --sync-onedrive
2026-05-30 08:30:05  [INFO]    | [camera]  发现 9 张图片
2026-05-30 08:30:05  [INFO]    | ─── CC透视装街拍九宫格.png ───
2026-05-30 08:30:05  [INFO]    | [skip]  跳过（已在索引中）: b823abe378e7...
2026-05-30 08:30:05  [INFO]    | ─── CC酒店大圆床九宫格.png ───
2026-05-30 08:30:05  [INFO]    | [up]   上传原图: ai-fashion-gen-shanghai-1427746697/gen/face/face-portrait/2026-05-30/original/20260530_face-portrait_CC酒店大圆床九宫格.png ...
2026-05-30 08:30:05  [INFO]    | [ok]   cos://ai-fashion-gen-shanghai-1427746697/gen/face/face-portrait/2026-05-30/original/20260530_face-portrait_CC酒店大圆床九宫格.png
2026-05-30 08:30:05  [INFO]    | [thumb] preview: CC酒店大圆床九宫格__preview.webp (137 KB)
2026-05-30 08:30:05  [INFO]    | [thumb] thumb: CC酒店大圆床九宫格__thumb.webp (44 KB)
2026-05-30 08:30:05  [INFO]    | [thumb] tiny: CC酒店大圆床九宫格__tiny.jpg (6 KB)
2026-05-30 08:30:05  [INFO]    | [up]  preview: gen/face/face-portrait/2026-05-30/preview/20260530_face-portrait_CC酒店大圆床九宫格__preview..webp
2026-05-30 08:30:05  [INFO]    | [up]  thumb: gen/face/face-portrait/2026-05-30/thumb/20260530_face-portrait_CC酒店大圆床九宫格__thumb..webp
2026-05-30 08:30:05  [INFO]    | [up]  tiny: gen/face/face-portrait/2026-05-30/tiny/20260530_face-portrait_CC酒店大圆床九宫格__tiny..jpg
2026-05-30 08:30:05  [INFO]    | [meta]  已记录: gen_20260530_df99e2
2026-05-30 08:30:05  [INFO]    | [onedrive]  → C:\Users\Aerc\OneDrive\AI-Photo\face\face-portrait\2026-05-30\CC酒店大圆床九宫格.png
2026-05-30 08:30:05  [INFO]    | [move]  → CC酒店大圆床九宫格.png
2026-05-30 08:30:05  [INFO]    | ─── CC酒店爽图九宫格.png ───
2026-05-30 08:30:05  [INFO]    | [up]   上传原图: ai-fashion-gen-shanghai-1427746697/gen/face/face-portrait/2026-05-30/original/20260530_face-portrait_CC酒店爽图九宫格.png ...
2026-05-30 08:30:05  [INFO]    | [ok]   cos://ai-fashion-gen-shanghai-1427746697/gen/face/face-portrait/2026-05-30/original/20260530_face-portrait_CC酒店爽图九宫格.png
2026-05-30 08:30:05  [INFO]    | [thumb] preview: CC酒店爽图九宫格__preview.webp (124 KB)
2026-05-30 08:30:05  [INFO]    | [thumb] thumb: CC酒店爽图九宫格__thumb.webp (41 KB)
2026-05-30 08:30:05  [INFO]    | [thumb] tiny: CC酒店爽图九宫格__tiny.jpg (6 KB)
2026-05-30 08:30:05  [INFO]    | [up]  preview: gen/face/face-portrait/2026-05-30/preview/20260530_face-portrait_CC酒店爽图九宫格__preview..webp
2026-05-30 08:30:05  [INFO]    | [up]  thumb: gen/face/face-portrait/2026-05-30/thumb/20260530_face-portrait_CC酒店爽图九宫格__thumb..webp
2026-05-30 08:30:05  [INFO]    | [up]  tiny: gen/face/face-portrait/2026-05-30/tiny/20260530_face-portrait_CC酒店爽图九宫格__tiny..jpg
2026-05-30 08:30:05  [INFO]    | [meta]  已记录: gen_20260530_93e260
2026-05-30 08:30:05  [INFO]    | [onedrive]  → C:\Users\Aerc\OneDrive\AI-Photo\face\face-portrait\2026-05-30\CC酒店爽图九宫格.png
2026-05-30 08:30:05  [INFO]    | [move]  → CC酒店爽图九宫格.png
2026-05-30 08:30:05  [INFO]    | ─── CC韩系室内诱惑九宫格.png ───
2026-05-30 08:30:05  [INFO]    | [up]   上传原图: ai-fashion-gen-shanghai-1427746697/gen/face/face-portrait/2026-05-30/original/20260530_face-portrait_CC韩系室内诱惑九宫格.png ...
2026-05-30 08:30:05  [INFO]    | [ok]   cos://ai-fashion-gen-shanghai-1427746697/gen/face/face-portrait/2026-05-30/original/20260530_face-portrait_CC韩系室内诱惑九宫格.png
2026-05-30 08:30:05  [INFO]    | [thumb] preview: CC韩系室内诱惑九宫格__preview.webp (129 KB)
2026-05-30 08:30:05  [INFO]    | [thumb] thumb: CC韩系室内诱惑九宫格__thumb.webp (37 KB)
2026-05-30 08:30:05  [INFO]    | [thumb] tiny: CC韩系室内诱惑九宫格__tiny.jpg (6 KB)
2026-05-30 08:30:05  [INFO]    | [up]  preview: gen/face/face-portrait/2026-05-30/preview/20260530_face-portrait_CC韩系室内诱惑九宫格__preview..webp
2026-05-30 08:30:05  [INFO]    | [up]  thumb: gen/face/face-portrait/2026-05-30/thumb/20260530_face-portrait_CC韩系室内诱惑九宫格__thumb..webp
2026-05-30 08:30:05  [INFO]    | [up]  tiny: gen/face/face-portrait/2026-05-30/tiny/20260530_face-portrait_CC韩系室内诱惑九宫格__tiny..jpg
2026-05-30 08:30:05  [INFO]    | [meta]  已记录: gen_20260530_5b12b0
2026-05-30 08:30:05  [INFO]    | [onedrive]  → C:\Users\Aerc\OneDrive\AI-Photo\face\face-portrait\2026-05-30\CC韩系室内诱惑九宫格.png
2026-05-30 08:30:05  [INFO]    | [move]  → CC韩系室内诱惑九宫格.png
2026-05-30 08:30:05  [INFO]    | ─── CC韩系街拍街拍九宫格.png ───
2026-05-30 08:30:05  [INFO]    | [up]   上传原图: ai-fashion-gen-shanghai-1427746697/gen/face/face-portrait/2026-05-30/original/20260530_face-portrait_CC韩系街拍街拍九宫格.png ...
2026-05-30 08:30:05  [INFO]    | [ok]   cos://ai-fashion-gen-shanghai-1427746697/gen/face/face-portrait/2026-05-30/original/20260530_face-portrait_CC韩系街拍街拍九宫格.png
2026-05-30 08:30:05  [INFO]    | [thumb] preview: CC韩系街拍街拍九宫格__preview.webp (225 KB)
2026-05-30 08:30:05  [INFO]    | [thumb] thumb: CC韩系街拍街拍九宫格__thumb.webp (65 KB)
2026-05-30 08:30:05  [INFO]    | [thumb] tiny: CC韩系街拍街拍九宫格__tiny.jpg (7 KB)
2026-05-30 08:30:05  [INFO]    | [up]  preview: gen/face/face-portrait/2026-05-30/preview/20260530_face-portrait_CC韩系街拍街拍九宫格__preview..webp
2026-05-30 08:30:05  [INFO]    | [up]  thumb: gen/face/face-portrait/2026-05-30/thumb/20260530_face-portrait_CC韩系街拍街拍九宫格__thumb..webp
2026-05-30 08:30:05  [INFO]    | [up]  tiny: gen/face/face-portrait/2026-05-30/tiny/20260530_face-portrait_CC韩系街拍街拍九宫格__tiny..jpg
2026-05-30 08:30:05  [INFO]    | [meta]  已记录: gen_20260530_70f382
2026-05-30 08:30:05  [INFO]    | [onedrive]  → C:\Users\Aerc\OneDrive\AI-Photo\face\face-portrait\2026-05-30\CC韩系街拍街拍九宫格.png
2026-05-30 08:30:05  [INFO]    | [move]  → CC韩系街拍街拍九宫格.png
2026-05-30 08:30:05  [INFO]    | ─── 欧美夜店女郎九宫格.png ───
2026-05-30 08:30:05  [INFO]    | [up]   上传原图: ai-fashion-gen-shanghai-1427746697/gen/face/face-portrait/2026-05-30/original/20260530_face-portrait_欧美夜店女郎九宫格.png ...
2026-05-30 08:30:05  [INFO]    | [ok]   cos://ai-fashion-gen-shanghai-1427746697/gen/face/face-portrait/2026-05-30/original/20260530_face-portrait_欧美夜店女郎九宫格.png
2026-05-30 08:30:05  [INFO]    | [thumb] preview: 欧美夜店女郎九宫格__preview.webp (174 KB)
2026-05-30 08:30:05  [INFO]    | [thumb] thumb: 欧美夜店女郎九宫格__thumb.webp (48 KB)
2026-05-30 08:30:05  [INFO]    | [thumb] tiny: 欧美夜店女郎九宫格__tiny.jpg (6 KB)
2026-05-30 08:30:05  [INFO]    | [up]  preview: gen/face/face-portrait/2026-05-30/preview/20260530_face-portrait_欧美夜店女郎九宫格__preview..webp
2026-05-30 08:30:05  [INFO]    | [up]  thumb: gen/face/face-portrait/2026-05-30/thumb/20260530_face-portrait_欧美夜店女郎九宫格__thumb..webp
2026-05-30 08:30:05  [INFO]    | [up]  tiny: gen/face/face-portrait/2026-05-30/tiny/20260530_face-portrait_欧美夜店女郎九宫格__tiny..jpg
2026-05-30 08:30:05  [INFO]    | [meta]  已记录: gen_20260530_9bee8b
2026-05-30 08:30:05  [INFO]    | [onedrive]  → C:\Users\Aerc\OneDrive\AI-Photo\face\face-portrait\2026-05-30\欧美夜店女郎九宫格.png
2026-05-30 08:30:05  [INFO]    | [move]  → 欧美夜店女郎九宫格.png
2026-05-30 08:30:05  [INFO]    | ─── 江边桥下街拍长腿模特.png ───
2026-05-30 08:30:05  [INFO]    | [up]   上传原图: ai-fashion-gen-shanghai-1427746697/gen/face/face-portrait/2026-05-30/original/20260530_face-portrait_江边桥下街拍长腿模特.png ...
2026-05-30 08:30:05  [INFO]    | [ok]   cos://ai-fashion-gen-shanghai-1427746697/gen/face/face-portrait/2026-05-30/original/20260530_face-portrait_江边桥下街拍长腿模特.png
2026-05-30 08:30:05  [INFO]    | [thumb] preview: 江边桥下街拍长腿模特__preview.webp (269 KB)
2026-05-30 08:30:05  [INFO]    | [thumb] thumb: 江边桥下街拍长腿模特__thumb.webp (73 KB)
2026-05-30 08:30:05  [INFO]    | [thumb] tiny: 江边桥下街拍长腿模特__tiny.jpg (8 KB)
2026-05-30 08:30:05  [INFO]    | [up]  preview: gen/face/face-portrait/2026-05-30/preview/20260530_face-portrait_江边桥下街拍长腿模特__preview..webp
2026-05-30 08:30:05  [INFO]    | [up]  thumb: gen/face/face-portrait/2026-05-30/thumb/20260530_face-portrait_江边桥下街拍长腿模特__thumb..webp
2026-05-30 08:30:05  [INFO]    | [up]  tiny: gen/face/face-portrait/2026-05-30/tiny/20260530_face-portrait_江边桥下街拍长腿模特__tiny..jpg
2026-05-30 08:30:05  [INFO]    | [meta]  已记录: gen_20260530_32a7c0
2026-05-30 08:30:05  [INFO]    | [onedrive]  → C:\Users\Aerc\OneDrive\AI-Photo\face\face-portrait\2026-05-30\江边桥下街拍长腿模特.png
2026-05-30 08:30:05  [INFO]    | [move]  → 江边桥下街拍长腿模特.png
2026-05-30 08:30:05  [INFO]    | ─── 清纯欲女头像1.png ───
2026-05-30 08:30:05  [INFO]    | [skip]  跳过（已在索引中）: e6d0d467baf9...
2026-05-30 08:30:05  [INFO]    | ─── 清纯欲女头像2.png ───
2026-05-30 08:30:05  [INFO]    | [skip]  跳过（已在索引中）: 6f20c16cfff1...
2026-05-30 08:30:05  [INFO]    | ==================================================
2026-05-30 08:30:05  [INFO]    | [done]  处理完成
2026-05-30 08:30:05  [INFO]    | 上传:   6
2026-05-30 08:30:05  [INFO]    | 跳过:   3
2026-05-30 08:30:05  [INFO]    | 错误:   0
2026-05-30 08:30:05  [INFO]    | ==================================================
2026-05-30 08:30:05  [INFO]  \u2713 导入完成（本次 0 张，累计 3 次 0 张）
2026-05-30 08:31:05  [INFO]  - 周六，距下次检测还有 8.0 小时（间隔: 8h），跳过
2026-05-30 08:32:05  [INFO]  - 周六，距下次检测还有 8.0 小时（间隔: 8h），跳过
2026-05-30 08:33:05  [INFO]  - 周六，距下次检测还有 7.9 小时（间隔: 8h），跳过
2026-05-30 08:34:05  [INFO]  - 周六，距下次检测还有 7.9 小时（间隔: 8h），跳过
2026-05-30 08:35:05  [INFO]  - 周六，距下次检测还有 7.9 小时（间隔: 8h），跳过
2026-05-30 08:36:05  [INFO]  - 周六，距下次检测还有 7.9 小时（间隔: 8h），跳过
2026-05-30 08:37:05  [INFO]  - 周六，距下次检测还有 7.9 小时（间隔: 8h），跳过
2026-05-30 08:38:05  [INFO]  - 周六，距下次检测还有 7.9 小时（间隔: 8h），跳过
2026-05-30 08:39:06  [INFO]  - 周六，距下次检测还有 7.8 小时（间隔: 8h），跳过
2026-05-30 08:40:06  [INFO]  - 周六，距下次检测还有 7.8 小时（间隔: 8h），跳过
2026-05-30 08:41:06  [INFO]  - 周六，距下次检测还有 7.8 小时（间隔: 8h），跳过
2026-05-30 08:42:06  [INFO]  - 周六，距下次检测还有 7.8 小时（间隔: 8h），跳过
